reference,period,spp_form_id,questioncode,value,outlier_weight,winsorised_value,post_winsorised
1,202001,14,42,100,1,100,FALSE
1,202001,14,43,200,1,200,FALSE
1,202001,14,40,300,1,300,FALSE
