reference,period,spp_form_id,questioncode,value,outlier_weight,winsorised_value,post_winsorised
1,202001,14,42,900,0.7,630.0,FALSE
1,202001,14,43,0,0.8,0.0,FALSE
1,202001,14,40,900,0.7,630.0,TRUE
