reference,period,spp_form_id,questioncode,value,outlier_weight,winsorised_value,post_winsorised
1,202001,16,40,100,1,100,FALSE
1,202001,16,42,100,1,100,FALSE
