reference,period,spp_form_id,questioncode,value,outlier_weight,winsorised_value,post_winsorised
1,202001,15,46,100,1,100,FALSE
1,202001,15,40,100,1,100,FALSE
