question,values
42,1001
43,1002
46,1003
47,1005
90,1006
40,1007
49,1008
