adjustedresponse,period,questioncode,reference,response,formtype,cell_no,froempment,frosic2007,frotover,imputation_marker,cellnumber,frozenemployees,frozensic,frozenturnover,status,statusencoded,form_type_spp,frozen_error
333333333,202202,40,1,444444,88888,55555,99999,99999,99999,r,,,,,,,,
666666666,202202,40,2,55555,88888,55555,99999,99999,99999,r,,,,,,,,
99999,202303,90,1,99999,999,99999,99999,99999,99999,,77777.0,8888.0,888888.0,777777.0,Clear,99999.0,6666.0,
88888,202303,110,2,88888,999,99999,99999,99999,99999,,77777.0,8888.0,888888.0,777777.0,Clear,99999.0,6666.0,
77777,202302,40,3,77777,999,99999,99999,99999,99999,,7777.0,8888.0,888888.0,777777.0,Clear,99999.0,6666.0,
66666,202301,47,4,66666,999,99999,99999,99999,99999,,7777.0,8888.0,888888.0,777777.0,Clear,99999.0,6666.0,
55555,202203,40,5,55555,999,99999,99999,99999,99999,,7777.0,8888.0,888888.0,777777.0,Clear,99999.0,6666.0,
